Archive member included to satisfy reference by file (symbol)

c:/program files (x86)/atmel/studio/7.0/toolchain/avr8/avr8-gnu-toolchain/bin/../lib/gcc/avr/5.4.0/avr5\libgcc.a(_exit.o)
                              C:/Program Files (x86)/Atmel/Studio/7.0/Packs/atmel/ATmega_DFP/1.7.374/gcc/dev/atmega32a/avr5/crtatmega32a.o (exit)
c:/program files (x86)/atmel/studio/7.0/toolchain/avr8/avr8-gnu-toolchain/bin/../lib/gcc/avr/5.4.0/avr5\libgcc.a(_tablejump2.o)
                              ECU_Layer/ecu_lcd/ecu_lcd.o (__tablejump2__)
c:/program files (x86)/atmel/studio/7.0/toolchain/avr8/avr8-gnu-toolchain/bin/../lib/gcc/avr/5.4.0/avr5\libgcc.a(_copy_data.o)
                              ECU_Layer/ecu_lcd/ecu_lcd.o (__do_copy_data)
c:/program files (x86)/atmel/studio/7.0/toolchain/avr8/avr8-gnu-toolchain/bin/../lib/gcc/avr/5.4.0/avr5\libgcc.a(_clear_bss.o)
                              MCAL_Layer/hal_eeprom/hal_eeprom.o (__do_clear_bss)
c:/program files (x86)/atmel/studio/7.0/toolchain/avr8/avr8-gnu-toolchain/bin/../lib/gcc/avr/5.4.0/../../../../avr/lib/avr5\libc.a(calloc.o)
                              ECU_Layer/ecu_lcd/ecu_lcd.o (calloc)
c:/program files (x86)/atmel/studio/7.0/toolchain/avr8/avr8-gnu-toolchain/bin/../lib/gcc/avr/5.4.0/../../../../avr/lib/avr5\libc.a(malloc.o)
                              c:/program files (x86)/atmel/studio/7.0/toolchain/avr8/avr8-gnu-toolchain/bin/../lib/gcc/avr/5.4.0/../../../../avr/lib/avr5\libc.a(calloc.o) (malloc)
c:/program files (x86)/atmel/studio/7.0/toolchain/avr8/avr8-gnu-toolchain/bin/../lib/gcc/avr/5.4.0/../../../../avr/lib/avr5\libc.a(realloc.o)
                              MCAL_Layer/hal_eeprom/hal_eeprom.o (realloc)
c:/program files (x86)/atmel/studio/7.0/toolchain/avr8/avr8-gnu-toolchain/bin/../lib/gcc/avr/5.4.0/../../../../avr/lib/avr5\libc.a(memcpy.o)
                              c:/program files (x86)/atmel/studio/7.0/toolchain/avr8/avr8-gnu-toolchain/bin/../lib/gcc/avr/5.4.0/../../../../avr/lib/avr5\libc.a(realloc.o) (memcpy)
c:/program files (x86)/atmel/studio/7.0/toolchain/avr8/avr8-gnu-toolchain/bin/../lib/gcc/avr/5.4.0/../../../../avr/lib/avr5\libc.a(memset.o)
                              c:/program files (x86)/atmel/studio/7.0/toolchain/avr8/avr8-gnu-toolchain/bin/../lib/gcc/avr/5.4.0/../../../../avr/lib/avr5\libc.a(calloc.o) (memset)
c:/program files (x86)/atmel/studio/7.0/toolchain/avr8/avr8-gnu-toolchain/bin/../lib/gcc/avr/5.4.0/../../../../avr/lib/avr5\libc.a(strcpy.o)
                              ECU_Layer/ecu_lcd/ecu_lcd.o (strcpy)
c:/program files (x86)/atmel/studio/7.0/toolchain/avr8/avr8-gnu-toolchain/bin/../lib/gcc/avr/5.4.0/../../../../avr/lib/avr5\libc.a(sprintf.o)
                              ECU_Layer/ecu_lcd/ecu_lcd.o (sprintf)
c:/program files (x86)/atmel/studio/7.0/toolchain/avr8/avr8-gnu-toolchain/bin/../lib/gcc/avr/5.4.0/../../../../avr/lib/avr5\libc.a(vfprintf_std.o)
                              c:/program files (x86)/atmel/studio/7.0/toolchain/avr8/avr8-gnu-toolchain/bin/../lib/gcc/avr/5.4.0/../../../../avr/lib/avr5\libc.a(sprintf.o) (vfprintf)
c:/program files (x86)/atmel/studio/7.0/toolchain/avr8/avr8-gnu-toolchain/bin/../lib/gcc/avr/5.4.0/../../../../avr/lib/avr5\libc.a(strnlen_P.o)
                              c:/program files (x86)/atmel/studio/7.0/toolchain/avr8/avr8-gnu-toolchain/bin/../lib/gcc/avr/5.4.0/../../../../avr/lib/avr5\libc.a(vfprintf_std.o) (strnlen_P)
c:/program files (x86)/atmel/studio/7.0/toolchain/avr8/avr8-gnu-toolchain/bin/../lib/gcc/avr/5.4.0/../../../../avr/lib/avr5\libc.a(strnlen.o)
                              c:/program files (x86)/atmel/studio/7.0/toolchain/avr8/avr8-gnu-toolchain/bin/../lib/gcc/avr/5.4.0/../../../../avr/lib/avr5\libc.a(vfprintf_std.o) (strnlen)
c:/program files (x86)/atmel/studio/7.0/toolchain/avr8/avr8-gnu-toolchain/bin/../lib/gcc/avr/5.4.0/../../../../avr/lib/avr5\libc.a(fputc.o)
                              c:/program files (x86)/atmel/studio/7.0/toolchain/avr8/avr8-gnu-toolchain/bin/../lib/gcc/avr/5.4.0/../../../../avr/lib/avr5\libc.a(vfprintf_std.o) (fputc)
c:/program files (x86)/atmel/studio/7.0/toolchain/avr8/avr8-gnu-toolchain/bin/../lib/gcc/avr/5.4.0/../../../../avr/lib/avr5\libc.a(ultoa_invert.o)
                              c:/program files (x86)/atmel/studio/7.0/toolchain/avr8/avr8-gnu-toolchain/bin/../lib/gcc/avr/5.4.0/../../../../avr/lib/avr5\libc.a(vfprintf_std.o) (__ultoa_invert)
c:/program files (x86)/atmel/studio/7.0/toolchain/avr8/avr8-gnu-toolchain/bin/../lib/gcc/avr/5.4.0/avr5\libgcc.a(_prologue.o)
                              c:/program files (x86)/atmel/studio/7.0/toolchain/avr8/avr8-gnu-toolchain/bin/../lib/gcc/avr/5.4.0/../../../../avr/lib/avr5\libc.a(realloc.o) (__prologue_saves__)
c:/program files (x86)/atmel/studio/7.0/toolchain/avr8/avr8-gnu-toolchain/bin/../lib/gcc/avr/5.4.0/avr5\libgcc.a(_epilogue.o)
                              c:/program files (x86)/atmel/studio/7.0/toolchain/avr8/avr8-gnu-toolchain/bin/../lib/gcc/avr/5.4.0/../../../../avr/lib/avr5\libc.a(realloc.o) (__epilogue_restores__)

Allocating common symbols
Common symbol       size              file

__brkval            0x2               c:/program files (x86)/atmel/studio/7.0/toolchain/avr8/avr8-gnu-toolchain/bin/../lib/gcc/avr/5.4.0/../../../../avr/lib/avr5\libc.a(malloc.o)
__flp               0x2               c:/program files (x86)/atmel/studio/7.0/toolchain/avr8/avr8-gnu-toolchain/bin/../lib/gcc/avr/5.4.0/../../../../avr/lib/avr5\libc.a(malloc.o)

Discarded input sections

 .data          0x00000000        0x0 C:/Program Files (x86)/Atmel/Studio/7.0/Packs/atmel/ATmega_DFP/1.7.374/gcc/dev/atmega32a/avr5/crtatmega32a.o
 .bss           0x00000000        0x0 C:/Program Files (x86)/Atmel/Studio/7.0/Packs/atmel/ATmega_DFP/1.7.374/gcc/dev/atmega32a/avr5/crtatmega32a.o
 .text          0x00000000        0x0 ECU_Layer/ecu_keypad/ecu_keypad.o
 .data          0x00000000        0x0 ECU_Layer/ecu_keypad/ecu_keypad.o
 .bss           0x00000000        0x0 ECU_Layer/ecu_keypad/ecu_keypad.o
 .text.keypad_initialize
                0x00000000       0x58 ECU_Layer/ecu_keypad/ecu_keypad.o
 .text.keypad_read
                0x00000000       0xfa ECU_Layer/ecu_keypad/ecu_keypad.o
 .debug_info    0x00000000      0x3d1 ECU_Layer/ecu_keypad/ecu_keypad.o
 .debug_abbrev  0x00000000      0x1a8 ECU_Layer/ecu_keypad/ecu_keypad.o
 .debug_loc     0x00000000      0x384 ECU_Layer/ecu_keypad/ecu_keypad.o
 .debug_aranges
                0x00000000       0x28 ECU_Layer/ecu_keypad/ecu_keypad.o
 .debug_ranges  0x00000000       0x18 ECU_Layer/ecu_keypad/ecu_keypad.o
 .debug_line    0x00000000      0x2c2 ECU_Layer/ecu_keypad/ecu_keypad.o
 .debug_str     0x00000000      0x36e ECU_Layer/ecu_keypad/ecu_keypad.o
 .comment       0x00000000       0x31 ECU_Layer/ecu_keypad/ecu_keypad.o
 .debug_frame   0x00000000       0x9c ECU_Layer/ecu_keypad/ecu_keypad.o
 .text          0x00000000        0x0 ECU_Layer/ecu_lcd/ecu_lcd.o
 .data          0x00000000        0x0 ECU_Layer/ecu_lcd/ecu_lcd.o
 .bss           0x00000000        0x0 ECU_Layer/ecu_lcd/ecu_lcd.o
 .text.lcd_send_4bit
                0x00000000       0x56 ECU_Layer/ecu_lcd/ecu_lcd.o
 .text.lcd_4bit_send_enable_signal
                0x00000000       0x36 ECU_Layer/ecu_lcd/ecu_lcd.o
 .text.lcd_8bit_send_enable_signal
                0x00000000       0x36 ECU_Layer/ecu_lcd/ecu_lcd.o
 .text.lcd_4bit_send_command
                0x00000000       0x5e ECU_Layer/ecu_lcd/ecu_lcd.o
 .text.lcd_4bit_initialize
                0x00000000      0x130 ECU_Layer/ecu_lcd/ecu_lcd.o
 .text.lcd_4bit_set_cursor
                0x00000000       0x4a ECU_Layer/ecu_lcd/ecu_lcd.o
 .text.lcd_4bit_send_data
                0x00000000       0x52 ECU_Layer/ecu_lcd/ecu_lcd.o
 .text.lcd_4bit_send_char
                0x00000000        0xe ECU_Layer/ecu_lcd/ecu_lcd.o
 .text.lcd_4bit_send_char_pos
                0x00000000       0x2e ECU_Layer/ecu_lcd/ecu_lcd.o
 .text.lcd_4bit_send_string
                0x00000000       0x40 ECU_Layer/ecu_lcd/ecu_lcd.o
 .text.lcd_4bit_send_string_pos
                0x00000000       0x82 ECU_Layer/ecu_lcd/ecu_lcd.o
 .text.lcd_4bit_send_custom_char_pos
                0x00000000       0xb8 ECU_Layer/ecu_lcd/ecu_lcd.o
 .text.lcd_4bit_shift
                0x00000000       0xb4 ECU_Layer/ecu_lcd/ecu_lcd.o
 .text.lcd_4bit_behavior
                0x00000000       0x70 ECU_Layer/ecu_lcd/ecu_lcd.o
 .progmem.gcc_sw_table.lcd_4bit_behavior
                0x00000000       0x14 ECU_Layer/ecu_lcd/ecu_lcd.o
 .text.lcd_8bit_send_command
                0x00000000       0xb0 ECU_Layer/ecu_lcd/ecu_lcd.o
 .text.lcd_8bit_initialize
                0x00000000      0x198 ECU_Layer/ecu_lcd/ecu_lcd.o
 .text.lcd_8bit_set_cursor
                0x00000000       0x4a ECU_Layer/ecu_lcd/ecu_lcd.o
 .text.lcd_8bit_send_data
                0x00000000       0xb0 ECU_Layer/ecu_lcd/ecu_lcd.o
 .text.lcd_8bit_send_char
                0x00000000        0xe ECU_Layer/ecu_lcd/ecu_lcd.o
 .text.lcd_8bit_send_char_pos
                0x00000000       0x2e ECU_Layer/ecu_lcd/ecu_lcd.o
 .text.lcd_8bit_send_string
                0x00000000       0x40 ECU_Layer/ecu_lcd/ecu_lcd.o
 .text.lcd_8bit_send_string_pos
                0x00000000       0x44 ECU_Layer/ecu_lcd/ecu_lcd.o
 .text.lcd_8bit_send_custom_char_pos
                0x00000000       0xb8 ECU_Layer/ecu_lcd/ecu_lcd.o
 .text.lcd_8bit_shift
                0x00000000       0xb4 ECU_Layer/ecu_lcd/ecu_lcd.o
 .text.lcd_48it_behavior
                0x00000000       0x76 ECU_Layer/ecu_lcd/ecu_lcd.o
 .progmem.gcc_sw_table.lcd_48it_behavior
                0x00000000       0x14 ECU_Layer/ecu_lcd/ecu_lcd.o
 .rodata.str1.1
                0x00000000        0x3 ECU_Layer/ecu_lcd/ecu_lcd.o
 .text.convert_uint8_to_string
                0x00000000       0x3a ECU_Layer/ecu_lcd/ecu_lcd.o
 .text.convert_uint16_to_string
                0x00000000       0x3a ECU_Layer/ecu_lcd/ecu_lcd.o
 .text.convert_uint32_to_string
                0x00000000       0x3a ECU_Layer/ecu_lcd/ecu_lcd.o
 .debug_info    0x00000000     0x1fb0 ECU_Layer/ecu_lcd/ecu_lcd.o
 .debug_abbrev  0x00000000      0x2e8 ECU_Layer/ecu_lcd/ecu_lcd.o
 .debug_loc     0x00000000     0x2bf0 ECU_Layer/ecu_lcd/ecu_lcd.o
 .debug_aranges
                0x00000000       0xf8 ECU_Layer/ecu_lcd/ecu_lcd.o
 .debug_ranges  0x00000000      0x100 ECU_Layer/ecu_lcd/ecu_lcd.o
 .debug_line    0x00000000      0xbde ECU_Layer/ecu_lcd/ecu_lcd.o
 .debug_str     0x00000000      0x7fb ECU_Layer/ecu_lcd/ecu_lcd.o
 .comment       0x00000000       0x31 ECU_Layer/ecu_lcd/ecu_lcd.o
 .debug_frame   0x00000000      0x3f4 ECU_Layer/ecu_lcd/ecu_lcd.o
 .text          0x00000000        0x0 ECU_Layer/ecu_led/ecu_led.o
 .data          0x00000000        0x0 ECU_Layer/ecu_led/ecu_led.o
 .bss           0x00000000        0x0 ECU_Layer/ecu_led/ecu_led.o
 .text.led_initialize
                0x00000000       0x54 ECU_Layer/ecu_led/ecu_led.o
 .text.led_turn_on
                0x00000000       0x54 ECU_Layer/ecu_led/ecu_led.o
 .text.led_turn_off
                0x00000000       0x54 ECU_Layer/ecu_led/ecu_led.o
 .text.led_turn_toggle
                0x00000000       0x52 ECU_Layer/ecu_led/ecu_led.o
 .debug_info    0x00000000      0x33b ECU_Layer/ecu_led/ecu_led.o
 .debug_abbrev  0x00000000      0x10c ECU_Layer/ecu_led/ecu_led.o
 .debug_loc     0x00000000      0x348 ECU_Layer/ecu_led/ecu_led.o
 .debug_aranges
                0x00000000       0x38 ECU_Layer/ecu_led/ecu_led.o
 .debug_ranges  0x00000000       0x28 ECU_Layer/ecu_led/ecu_led.o
 .debug_line    0x00000000      0x23c ECU_Layer/ecu_led/ecu_led.o
 .debug_str     0x00000000      0x2b9 ECU_Layer/ecu_led/ecu_led.o
 .comment       0x00000000       0x31 ECU_Layer/ecu_led/ecu_led.o
 .debug_frame   0x00000000       0x94 ECU_Layer/ecu_led/ecu_led.o
 .text          0x00000000        0x0 ECU_Layer/push_btn/push_btn.o
 .data          0x00000000        0x0 ECU_Layer/push_btn/push_btn.o
 .bss           0x00000000        0x0 ECU_Layer/push_btn/push_btn.o
 .text.push_btn_initialize
                0x00000000       0x4a ECU_Layer/push_btn/push_btn.o
 .text.push_btn_read
                0x00000000       0x8e ECU_Layer/push_btn/push_btn.o
 .debug_info    0x00000000      0x2a8 ECU_Layer/push_btn/push_btn.o
 .debug_abbrev  0x00000000      0x128 ECU_Layer/push_btn/push_btn.o
 .debug_loc     0x00000000      0x248 ECU_Layer/push_btn/push_btn.o
 .debug_aranges
                0x00000000       0x28 ECU_Layer/push_btn/push_btn.o
 .debug_ranges  0x00000000       0x18 ECU_Layer/push_btn/push_btn.o
 .debug_line    0x00000000      0x1d8 ECU_Layer/push_btn/push_btn.o
 .debug_str     0x00000000      0x2c8 ECU_Layer/push_btn/push_btn.o
 .comment       0x00000000       0x31 ECU_Layer/push_btn/push_btn.o
 .debug_frame   0x00000000       0x68 ECU_Layer/push_btn/push_btn.o
 .text          0x00000000        0x0 main.o
 .data          0x00000000        0x0 main.o
 .bss           0x00000000        0x0 main.o
 .text          0x00000000        0x0 MCAL_Layer/device_config/device_config.o
 .data          0x00000000        0x0 MCAL_Layer/device_config/device_config.o
 .bss           0x00000000        0x0 MCAL_Layer/device_config/device_config.o
 .debug_info    0x00000000       0x5d MCAL_Layer/device_config/device_config.o
 .debug_abbrev  0x00000000       0x26 MCAL_Layer/device_config/device_config.o
 .debug_aranges
                0x00000000       0x18 MCAL_Layer/device_config/device_config.o
 .debug_line    0x00000000       0x1a MCAL_Layer/device_config/device_config.o
 .debug_str     0x00000000      0x1d9 MCAL_Layer/device_config/device_config.o
 .comment       0x00000000       0x31 MCAL_Layer/device_config/device_config.o
 .text          0x00000000        0x0 MCAL_Layer/hal_eeprom/hal_eeprom.o
 .data          0x00000000        0x0 MCAL_Layer/hal_eeprom/hal_eeprom.o
 .bss           0x00000000        0x0 MCAL_Layer/hal_eeprom/hal_eeprom.o
 .text.EEPROM_write_byte
                0x00000000       0x26 MCAL_Layer/hal_eeprom/hal_eeprom.o
 .text.EEPROM_read_byte
                0x00000000       0x2e MCAL_Layer/hal_eeprom/hal_eeprom.o
 .text.EEPROM_write_uint16
                0x00000000       0x38 MCAL_Layer/hal_eeprom/hal_eeprom.o
 .text.EEPROM_read_uint16
                0x00000000       0x8c MCAL_Layer/hal_eeprom/hal_eeprom.o
 .text.EEPROM_write_uint32
                0x00000000       0x80 MCAL_Layer/hal_eeprom/hal_eeprom.o
 .text.EEPROM_read_uint32
                0x00000000      0x142 MCAL_Layer/hal_eeprom/hal_eeprom.o
 .text.EEPROM_write_sint8
                0x00000000       0x12 MCAL_Layer/hal_eeprom/hal_eeprom.o
 .text.EEPROM_read_sint8
                0x00000000       0x44 MCAL_Layer/hal_eeprom/hal_eeprom.o
 .text.EEPROM_write_sint16
                0x00000000       0x38 MCAL_Layer/hal_eeprom/hal_eeprom.o
 .text.EEPROM_read_sint16
                0x00000000       0x8c MCAL_Layer/hal_eeprom/hal_eeprom.o
 .text.EEPROM_write_sint32
                0x00000000       0x80 MCAL_Layer/hal_eeprom/hal_eeprom.o
 .text.EEPROM_read_sint32
                0x00000000      0x142 MCAL_Layer/hal_eeprom/hal_eeprom.o
 .text.EEPROM_write_float32
                0x00000000       0x86 MCAL_Layer/hal_eeprom/hal_eeprom.o
 .text.EEPROM_read_float32
                0x00000000      0x10c MCAL_Layer/hal_eeprom/hal_eeprom.o
 .text.EEPROM_write_string
                0x00000000       0x5a MCAL_Layer/hal_eeprom/hal_eeprom.o
 .text.EEPROM_read_string
                0x00000000       0x6e MCAL_Layer/hal_eeprom/hal_eeprom.o
 .text.EEPROM_write_string_dynamic_mem
                0x00000000       0x8a MCAL_Layer/hal_eeprom/hal_eeprom.o
 .text.EEPROM_read_string_dynamic_mem
                0x00000000       0xbc MCAL_Layer/hal_eeprom/hal_eeprom.o
 .bss.counter   0x00000000        0x1 MCAL_Layer/hal_eeprom/hal_eeprom.o
 .bss.temp_str  0x00000000        0x2 MCAL_Layer/hal_eeprom/hal_eeprom.o
 .bss.temp_char
                0x00000000        0x1 MCAL_Layer/hal_eeprom/hal_eeprom.o
 .debug_info    0x00000000      0xcd0 MCAL_Layer/hal_eeprom/hal_eeprom.o
 .debug_abbrev  0x00000000      0x16f MCAL_Layer/hal_eeprom/hal_eeprom.o
 .debug_loc     0x00000000     0x19b5 MCAL_Layer/hal_eeprom/hal_eeprom.o
 .debug_aranges
                0x00000000       0xa8 MCAL_Layer/hal_eeprom/hal_eeprom.o
 .debug_ranges  0x00000000       0x98 MCAL_Layer/hal_eeprom/hal_eeprom.o
 .debug_line    0x00000000      0x6c0 MCAL_Layer/hal_eeprom/hal_eeprom.o
 .debug_str     0x00000000      0x42c MCAL_Layer/hal_eeprom/hal_eeprom.o
 .comment       0x00000000       0x31 MCAL_Layer/hal_eeprom/hal_eeprom.o
 .debug_frame   0x00000000      0x3f0 MCAL_Layer/hal_eeprom/hal_eeprom.o
 .text          0x00000000        0x0 MCAL_Layer/hal_gpio/hal_gpio.o
 .data          0x00000000        0x0 MCAL_Layer/hal_gpio/hal_gpio.o
 .bss           0x00000000        0x0 MCAL_Layer/hal_gpio/hal_gpio.o
 .text.gpio_pin_direction_initialize
                0x00000000       0x82 MCAL_Layer/hal_gpio/hal_gpio.o
 .text.gpio_pin_direction_status
                0x00000000       0x60 MCAL_Layer/hal_gpio/hal_gpio.o
 .text.gpio_pin_read
                0x00000000       0x60 MCAL_Layer/hal_gpio/hal_gpio.o
 .text.gpio_pin_write
                0x00000000       0x82 MCAL_Layer/hal_gpio/hal_gpio.o
 .text.gpio_pin_toggle
                0x00000000       0x40 MCAL_Layer/hal_gpio/hal_gpio.o
 .text.gpio_pin_initialize
                0x00000000       0x3c MCAL_Layer/hal_gpio/hal_gpio.o
 .text.gpio_port_direction_initialize
                0x00000000       0x20 MCAL_Layer/hal_gpio/hal_gpio.o
 .text.gpio_port_direction_status
                0x00000000       0x2e MCAL_Layer/hal_gpio/hal_gpio.o
 .text.gpio_port_read
                0x00000000       0x2e MCAL_Layer/hal_gpio/hal_gpio.o
 .text.gpio_port_write
                0x00000000       0x20 MCAL_Layer/hal_gpio/hal_gpio.o
 .text.gpio_port_toggle
                0x00000000       0x24 MCAL_Layer/hal_gpio/hal_gpio.o
 .text.gpio_port_initialize
                0x00000000       0x38 MCAL_Layer/hal_gpio/hal_gpio.o
 .data._pin_reg
                0x00000000        0x8 MCAL_Layer/hal_gpio/hal_gpio.o
 .data._ddr_reg
                0x00000000        0x8 MCAL_Layer/hal_gpio/hal_gpio.o
 .data._port_reg
                0x00000000        0x8 MCAL_Layer/hal_gpio/hal_gpio.o
 .debug_info    0x00000000      0x5fa MCAL_Layer/hal_gpio/hal_gpio.o
 .debug_abbrev  0x00000000      0x1b0 MCAL_Layer/hal_gpio/hal_gpio.o
 .debug_loc     0x00000000      0x770 MCAL_Layer/hal_gpio/hal_gpio.o
 .debug_aranges
                0x00000000       0x78 MCAL_Layer/hal_gpio/hal_gpio.o
 .debug_ranges  0x00000000       0x68 MCAL_Layer/hal_gpio/hal_gpio.o
 .debug_line    0x00000000      0x42f MCAL_Layer/hal_gpio/hal_gpio.o
 .debug_str     0x00000000      0x3c0 MCAL_Layer/hal_gpio/hal_gpio.o
 .comment       0x00000000       0x31 MCAL_Layer/hal_gpio/hal_gpio.o
 .debug_frame   0x00000000       0xf0 MCAL_Layer/hal_gpio/hal_gpio.o
 .text          0x00000000        0x0 MCAL_Layer/hal_interrupt/hal_interrupt_config.o
 .data          0x00000000        0x0 MCAL_Layer/hal_interrupt/hal_interrupt_config.o
 .bss           0x00000000        0x0 MCAL_Layer/hal_interrupt/hal_interrupt_config.o
 .debug_info    0x00000000       0x64 MCAL_Layer/hal_interrupt/hal_interrupt_config.o
 .debug_abbrev  0x00000000       0x26 MCAL_Layer/hal_interrupt/hal_interrupt_config.o
 .debug_aranges
                0x00000000       0x18 MCAL_Layer/hal_interrupt/hal_interrupt_config.o
 .debug_line    0x00000000       0x1a MCAL_Layer/hal_interrupt/hal_interrupt_config.o
 .debug_str     0x00000000      0x1e6 MCAL_Layer/hal_interrupt/hal_interrupt_config.o
 .comment       0x00000000       0x31 MCAL_Layer/hal_interrupt/hal_interrupt_config.o
 .text          0x00000000        0x0 MCAL_Layer/hal_interrupt/hal_interrupt_external.o
 .data          0x00000000        0x0 MCAL_Layer/hal_interrupt/hal_interrupt_external.o
 .bss           0x00000000        0x0 MCAL_Layer/hal_interrupt/hal_interrupt_external.o
 .text.interrupt_global_enable
                0x00000000       0x12 MCAL_Layer/hal_interrupt/hal_interrupt_external.o
 .text.interrupt_global_disable
                0x00000000       0x12 MCAL_Layer/hal_interrupt/hal_interrupt_external.o
 .text.interrupt_external_enable
                0x00000000       0x40 MCAL_Layer/hal_interrupt/hal_interrupt_external.o
 .text.interrupt_external_disable
                0x00000000       0x40 MCAL_Layer/hal_interrupt/hal_interrupt_external.o
 .text.interrupt_set_trigger_case
                0x00000000       0xfc MCAL_Layer/hal_interrupt/hal_interrupt_external.o
 .text.interrupt_set_handler
                0x00000000       0x9c MCAL_Layer/hal_interrupt/hal_interrupt_external.o
 .text.interrupt_free_handler
                0x00000000       0x7e MCAL_Layer/hal_interrupt/hal_interrupt_external.o
 .text.interrupt_pin_initialize
                0x00000000       0x1e MCAL_Layer/hal_interrupt/hal_interrupt_external.o
 .text.interrupt_ex_INTx_enable
                0x00000000       0x38 MCAL_Layer/hal_interrupt/hal_interrupt_external.o
 .text.interrupt_ex_INTx_disable
                0x00000000       0x20 MCAL_Layer/hal_interrupt/hal_interrupt_external.o
 .text          0x00000000        0x0 MCAL_Layer/hal_interrupt/hal_interrupt_manager.o
 .data          0x00000000        0x0 MCAL_Layer/hal_interrupt/hal_interrupt_manager.o
 .bss           0x00000000        0x0 MCAL_Layer/hal_interrupt/hal_interrupt_manager.o
 .debug_line    0x00000000        0x0 MCAL_Layer/hal_interrupt/hal_interrupt_manager.o
 .debug_str     0x00000000      0x175 MCAL_Layer/hal_interrupt/hal_interrupt_manager.o
 .comment       0x00000000       0x31 MCAL_Layer/hal_interrupt/hal_interrupt_manager.o
 .text          0x00000000        0x0 c:/program files (x86)/atmel/studio/7.0/toolchain/avr8/avr8-gnu-toolchain/bin/../lib/gcc/avr/5.4.0/avr5\libgcc.a(_exit.o)
 .data          0x00000000        0x0 c:/program files (x86)/atmel/studio/7.0/toolchain/avr8/avr8-gnu-toolchain/bin/../lib/gcc/avr/5.4.0/avr5\libgcc.a(_exit.o)
 .bss           0x00000000        0x0 c:/program files (x86)/atmel/studio/7.0/toolchain/avr8/avr8-gnu-toolchain/bin/../lib/gcc/avr/5.4.0/avr5\libgcc.a(_exit.o)
 .text.libgcc.mul
                0x00000000        0x0 c:/program files (x86)/atmel/studio/7.0/toolchain/avr8/avr8-gnu-toolchain/bin/../lib/gcc/avr/5.4.0/avr5\libgcc.a(_exit.o)
 .text.libgcc.div
                0x00000000        0x0 c:/program files (x86)/atmel/studio/7.0/toolchain/avr8/avr8-gnu-toolchain/bin/../lib/gcc/avr/5.4.0/avr5\libgcc.a(_exit.o)
 .text.libgcc   0x00000000        0x0 c:/program files (x86)/atmel/studio/7.0/toolchain/avr8/avr8-gnu-toolchain/bin/../lib/gcc/avr/5.4.0/avr5\libgcc.a(_exit.o)
 .text.libgcc.prologue
                0x00000000        0x0 c:/program files (x86)/atmel/studio/7.0/toolchain/avr8/avr8-gnu-toolchain/bin/../lib/gcc/avr/5.4.0/avr5\libgcc.a(_exit.o)
 .text.libgcc.builtins
                0x00000000        0x0 c:/program files (x86)/atmel/studio/7.0/toolchain/avr8/avr8-gnu-toolchain/bin/../lib/gcc/avr/5.4.0/avr5\libgcc.a(_exit.o)
 .text.libgcc.fmul
                0x00000000        0x0 c:/program files (x86)/atmel/studio/7.0/toolchain/avr8/avr8-gnu-toolchain/bin/../lib/gcc/avr/5.4.0/avr5\libgcc.a(_exit.o)
 .text.libgcc.fixed
                0x00000000        0x0 c:/program files (x86)/atmel/studio/7.0/toolchain/avr8/avr8-gnu-toolchain/bin/../lib/gcc/avr/5.4.0/avr5\libgcc.a(_exit.o)
 .text          0x00000000        0x0 c:/program files (x86)/atmel/studio/7.0/toolchain/avr8/avr8-gnu-toolchain/bin/../lib/gcc/avr/5.4.0/avr5\libgcc.a(_tablejump2.o)
 .data          0x00000000        0x0 c:/program files (x86)/atmel/studio/7.0/toolchain/avr8/avr8-gnu-toolchain/bin/../lib/gcc/avr/5.4.0/avr5\libgcc.a(_tablejump2.o)
 .bss           0x00000000        0x0 c:/program files (x86)/atmel/studio/7.0/toolchain/avr8/avr8-gnu-toolchain/bin/../lib/gcc/avr/5.4.0/avr5\libgcc.a(_tablejump2.o)
 .text.libgcc.mul
                0x00000000        0x0 c:/program files (x86)/atmel/studio/7.0/toolchain/avr8/avr8-gnu-toolchain/bin/../lib/gcc/avr/5.4.0/avr5\libgcc.a(_tablejump2.o)
 .text.libgcc.div
                0x00000000        0x0 c:/program files (x86)/atmel/studio/7.0/toolchain/avr8/avr8-gnu-toolchain/bin/../lib/gcc/avr/5.4.0/avr5\libgcc.a(_tablejump2.o)
 .text.libgcc   0x00000000        0xc c:/program files (x86)/atmel/studio/7.0/toolchain/avr8/avr8-gnu-toolchain/bin/../lib/gcc/avr/5.4.0/avr5\libgcc.a(_tablejump2.o)
 .text.libgcc.prologue
                0x00000000        0x0 c:/program files (x86)/atmel/studio/7.0/toolchain/avr8/avr8-gnu-toolchain/bin/../lib/gcc/avr/5.4.0/avr5\libgcc.a(_tablejump2.o)
 .text.libgcc.builtins
                0x00000000        0x0 c:/program files (x86)/atmel/studio/7.0/toolchain/avr8/avr8-gnu-toolchain/bin/../lib/gcc/avr/5.4.0/avr5\libgcc.a(_tablejump2.o)
 .text.libgcc.fmul
                0x00000000        0x0 c:/program files (x86)/atmel/studio/7.0/toolchain/avr8/avr8-gnu-toolchain/bin/../lib/gcc/avr/5.4.0/avr5\libgcc.a(_tablejump2.o)
 .text.libgcc.fixed
                0x00000000        0x0 c:/program files (x86)/atmel/studio/7.0/toolchain/avr8/avr8-gnu-toolchain/bin/../lib/gcc/avr/5.4.0/avr5\libgcc.a(_tablejump2.o)
 .text          0x00000000        0x0 c:/program files (x86)/atmel/studio/7.0/toolchain/avr8/avr8-gnu-toolchain/bin/../lib/gcc/avr/5.4.0/avr5\libgcc.a(_copy_data.o)
 .data          0x00000000        0x0 c:/program files (x86)/atmel/studio/7.0/toolchain/avr8/avr8-gnu-toolchain/bin/../lib/gcc/avr/5.4.0/avr5\libgcc.a(_copy_data.o)
 .bss           0x00000000        0x0 c:/program files (x86)/atmel/studio/7.0/toolchain/avr8/avr8-gnu-toolchain/bin/../lib/gcc/avr/5.4.0/avr5\libgcc.a(_copy_data.o)
 .text.libgcc.mul
                0x00000000        0x0 c:/program files (x86)/atmel/studio/7.0/toolchain/avr8/avr8-gnu-toolchain/bin/../lib/gcc/avr/5.4.0/avr5\libgcc.a(_copy_data.o)
 .text.libgcc.div
                0x00000000        0x0 c:/program files (x86)/atmel/studio/7.0/toolchain/avr8/avr8-gnu-toolchain/bin/../lib/gcc/avr/5.4.0/avr5\libgcc.a(_copy_data.o)
 .text.libgcc   0x00000000        0x0 c:/program files (x86)/atmel/studio/7.0/toolchain/avr8/avr8-gnu-toolchain/bin/../lib/gcc/avr/5.4.0/avr5\libgcc.a(_copy_data.o)
 .text.libgcc.prologue
                0x00000000        0x0 c:/program files (x86)/atmel/studio/7.0/toolchain/avr8/avr8-gnu-toolchain/bin/../lib/gcc/avr/5.4.0/avr5\libgcc.a(_copy_data.o)
 .text.libgcc.builtins
                0x00000000        0x0 c:/program files (x86)/atmel/studio/7.0/toolchain/avr8/avr8-gnu-toolchain/bin/../lib/gcc/avr/5.4.0/avr5\libgcc.a(_copy_data.o)
 .text.libgcc.fmul
                0x00000000        0x0 c:/program files (x86)/atmel/studio/7.0/toolchain/avr8/avr8-gnu-toolchain/bin/../lib/gcc/avr/5.4.0/avr5\libgcc.a(_copy_data.o)
 .text.libgcc.fixed
                0x00000000        0x0 c:/program files (x86)/atmel/studio/7.0/toolchain/avr8/avr8-gnu-toolchain/bin/../lib/gcc/avr/5.4.0/avr5\libgcc.a(_copy_data.o)
 .text          0x00000000        0x0 c:/program files (x86)/atmel/studio/7.0/toolchain/avr8/avr8-gnu-toolchain/bin/../lib/gcc/avr/5.4.0/avr5\libgcc.a(_clear_bss.o)
 .data          0x00000000        0x0 c:/program files (x86)/atmel/studio/7.0/toolchain/avr8/avr8-gnu-toolchain/bin/../lib/gcc/avr/5.4.0/avr5\libgcc.a(_clear_bss.o)
 .bss           0x00000000        0x0 c:/program files (x86)/atmel/studio/7.0/toolchain/avr8/avr8-gnu-toolchain/bin/../lib/gcc/avr/5.4.0/avr5\libgcc.a(_clear_bss.o)
 .text.libgcc.mul
                0x00000000        0x0 c:/program files (x86)/atmel/studio/7.0/toolchain/avr8/avr8-gnu-toolchain/bin/../lib/gcc/avr/5.4.0/avr5\libgcc.a(_clear_bss.o)
 .text.libgcc.div
                0x00000000        0x0 c:/program files (x86)/atmel/studio/7.0/toolchain/avr8/avr8-gnu-toolchain/bin/../lib/gcc/avr/5.4.0/avr5\libgcc.a(_clear_bss.o)
 .text.libgcc   0x00000000        0x0 c:/program files (x86)/atmel/studio/7.0/toolchain/avr8/avr8-gnu-toolchain/bin/../lib/gcc/avr/5.4.0/avr5\libgcc.a(_clear_bss.o)
 .text.libgcc.prologue
                0x00000000        0x0 c:/program files (x86)/atmel/studio/7.0/toolchain/avr8/avr8-gnu-toolchain/bin/../lib/gcc/avr/5.4.0/avr5\libgcc.a(_clear_bss.o)
 .text.libgcc.builtins
                0x00000000        0x0 c:/program files (x86)/atmel/studio/7.0/toolchain/avr8/avr8-gnu-toolchain/bin/../lib/gcc/avr/5.4.0/avr5\libgcc.a(_clear_bss.o)
 .text.libgcc.fmul
                0x00000000        0x0 c:/program files (x86)/atmel/studio/7.0/toolchain/avr8/avr8-gnu-toolchain/bin/../lib/gcc/avr/5.4.0/avr5\libgcc.a(_clear_bss.o)
 .text.libgcc.fixed
                0x00000000        0x0 c:/program files (x86)/atmel/studio/7.0/toolchain/avr8/avr8-gnu-toolchain/bin/../lib/gcc/avr/5.4.0/avr5\libgcc.a(_clear_bss.o)
 .text          0x00000000        0x0 c:/program files (x86)/atmel/studio/7.0/toolchain/avr8/avr8-gnu-toolchain/bin/../lib/gcc/avr/5.4.0/../../../../avr/lib/avr5\libc.a(calloc.o)
 .data          0x00000000        0x0 c:/program files (x86)/atmel/studio/7.0/toolchain/avr8/avr8-gnu-toolchain/bin/../lib/gcc/avr/5.4.0/../../../../avr/lib/avr5\libc.a(calloc.o)
 .bss           0x00000000        0x0 c:/program files (x86)/atmel/studio/7.0/toolchain/avr8/avr8-gnu-toolchain/bin/../lib/gcc/avr/5.4.0/../../../../avr/lib/avr5\libc.a(calloc.o)
 .text.avr-libc
                0x00000000       0x38 c:/program files (x86)/atmel/studio/7.0/toolchain/avr8/avr8-gnu-toolchain/bin/../lib/gcc/avr/5.4.0/../../../../avr/lib/avr5\libc.a(calloc.o)
 .comment       0x00000000       0x31 c:/program files (x86)/atmel/studio/7.0/toolchain/avr8/avr8-gnu-toolchain/bin/../lib/gcc/avr/5.4.0/../../../../avr/lib/avr5\libc.a(calloc.o)
 .text          0x00000000        0x0 c:/program files (x86)/atmel/studio/7.0/toolchain/avr8/avr8-gnu-toolchain/bin/../lib/gcc/avr/5.4.0/../../../../avr/lib/avr5\libc.a(malloc.o)
 .data          0x00000000        0x6 c:/program files (x86)/atmel/studio/7.0/toolchain/avr8/avr8-gnu-toolchain/bin/../lib/gcc/avr/5.4.0/../../../../avr/lib/avr5\libc.a(malloc.o)
 .bss           0x00000000        0x0 c:/program files (x86)/atmel/studio/7.0/toolchain/avr8/avr8-gnu-toolchain/bin/../lib/gcc/avr/5.4.0/../../../../avr/lib/avr5\libc.a(malloc.o)
 .text.avr-libc
                0x00000000      0x242 c:/program files (x86)/atmel/studio/7.0/toolchain/avr8/avr8-gnu-toolchain/bin/../lib/gcc/avr/5.4.0/../../../../avr/lib/avr5\libc.a(malloc.o)
 .comment       0x00000000       0x31 c:/program files (x86)/atmel/studio/7.0/toolchain/avr8/avr8-gnu-toolchain/bin/../lib/gcc/avr/5.4.0/../../../../avr/lib/avr5\libc.a(malloc.o)
 COMMON         0x00000000        0x4 c:/program files (x86)/atmel/studio/7.0/toolchain/avr8/avr8-gnu-toolchain/bin/../lib/gcc/avr/5.4.0/../../../../avr/lib/avr5\libc.a(malloc.o)
 .text          0x00000000        0x0 c:/program files (x86)/atmel/studio/7.0/toolchain/avr8/avr8-gnu-toolchain/bin/../lib/gcc/avr/5.4.0/../../../../avr/lib/avr5\libc.a(realloc.o)
 .data          0x00000000        0x0 c:/program files (x86)/atmel/studio/7.0/toolchain/avr8/avr8-gnu-toolchain/bin/../lib/gcc/avr/5.4.0/../../../../avr/lib/avr5\libc.a(realloc.o)
 .bss           0x00000000        0x0 c:/program files (x86)/atmel/studio/7.0/toolchain/avr8/avr8-gnu-toolchain/bin/../lib/gcc/avr/5.4.0/../../../../avr/lib/avr5\libc.a(realloc.o)
 .text.avr-libc
                0x00000000      0x18c c:/program files (x86)/atmel/studio/7.0/toolchain/avr8/avr8-gnu-toolchain/bin/../lib/gcc/avr/5.4.0/../../../../avr/lib/avr5\libc.a(realloc.o)
 .comment       0x00000000       0x31 c:/program files (x86)/atmel/studio/7.0/toolchain/avr8/avr8-gnu-toolchain/bin/../lib/gcc/avr/5.4.0/../../../../avr/lib/avr5\libc.a(realloc.o)
 .text          0x00000000        0x0 c:/program files (x86)/atmel/studio/7.0/toolchain/avr8/avr8-gnu-toolchain/bin/../lib/gcc/avr/5.4.0/../../../../avr/lib/avr5\libc.a(memcpy.o)
 .data          0x00000000        0x0 c:/program files (x86)/atmel/studio/7.0/toolchain/avr8/avr8-gnu-toolchain/bin/../lib/gcc/avr/5.4.0/../../../../avr/lib/avr5\libc.a(memcpy.o)
 .bss           0x00000000        0x0 c:/program files (x86)/atmel/studio/7.0/toolchain/avr8/avr8-gnu-toolchain/bin/../lib/gcc/avr/5.4.0/../../../../avr/lib/avr5\libc.a(memcpy.o)
 .text.avr-libc
                0x00000000       0x12 c:/program files (x86)/atmel/studio/7.0/toolchain/avr8/avr8-gnu-toolchain/bin/../lib/gcc/avr/5.4.0/../../../../avr/lib/avr5\libc.a(memcpy.o)
 .text          0x00000000        0x0 c:/program files (x86)/atmel/studio/7.0/toolchain/avr8/avr8-gnu-toolchain/bin/../lib/gcc/avr/5.4.0/../../../../avr/lib/avr5\libc.a(memset.o)
 .data          0x00000000        0x0 c:/program files (x86)/atmel/studio/7.0/toolchain/avr8/avr8-gnu-toolchain/bin/../lib/gcc/avr/5.4.0/../../../../avr/lib/avr5\libc.a(memset.o)
 .bss           0x00000000        0x0 c:/program files (x86)/atmel/studio/7.0/toolchain/avr8/avr8-gnu-toolchain/bin/../lib/gcc/avr/5.4.0/../../../../avr/lib/avr5\libc.a(memset.o)
 .text.avr-libc
                0x00000000        0xe c:/program files (x86)/atmel/studio/7.0/toolchain/avr8/avr8-gnu-toolchain/bin/../lib/gcc/avr/5.4.0/../../../../avr/lib/avr5\libc.a(memset.o)
 .text          0x00000000        0x0 c:/program files (x86)/atmel/studio/7.0/toolchain/avr8/avr8-gnu-toolchain/bin/../lib/gcc/avr/5.4.0/../../../../avr/lib/avr5\libc.a(strcpy.o)
 .data          0x00000000        0x0 c:/program files (x86)/atmel/studio/7.0/toolchain/avr8/avr8-gnu-toolchain/bin/../lib/gcc/avr/5.4.0/../../../../avr/lib/avr5\libc.a(strcpy.o)
 .bss           0x00000000        0x0 c:/program files (x86)/atmel/studio/7.0/toolchain/avr8/avr8-gnu-toolchain/bin/../lib/gcc/avr/5.4.0/../../../../avr/lib/avr5\libc.a(strcpy.o)
 .text.avr-libc
                0x00000000        0xe c:/program files (x86)/atmel/studio/7.0/toolchain/avr8/avr8-gnu-toolchain/bin/../lib/gcc/avr/5.4.0/../../../../avr/lib/avr5\libc.a(strcpy.o)
 .text          0x00000000        0x0 c:/program files (x86)/atmel/studio/7.0/toolchain/avr8/avr8-gnu-toolchain/bin/../lib/gcc/avr/5.4.0/../../../../avr/lib/avr5\libc.a(sprintf.o)
 .data          0x00000000        0x0 c:/program files (x86)/atmel/studio/7.0/toolchain/avr8/avr8-gnu-toolchain/bin/../lib/gcc/avr/5.4.0/../../../../avr/lib/avr5\libc.a(sprintf.o)
 .bss           0x00000000        0x0 c:/program files (x86)/atmel/studio/7.0/toolchain/avr8/avr8-gnu-toolchain/bin/../lib/gcc/avr/5.4.0/../../../../avr/lib/avr5\libc.a(sprintf.o)
 .text.avr-libc
                0x00000000       0x44 c:/program files (x86)/atmel/studio/7.0/toolchain/avr8/avr8-gnu-toolchain/bin/../lib/gcc/avr/5.4.0/../../../../avr/lib/avr5\libc.a(sprintf.o)
 .comment       0x00000000       0x31 c:/program files (x86)/atmel/studio/7.0/toolchain/avr8/avr8-gnu-toolchain/bin/../lib/gcc/avr/5.4.0/../../../../avr/lib/avr5\libc.a(sprintf.o)
 .text          0x00000000        0x0 c:/program files (x86)/atmel/studio/7.0/toolchain/avr8/avr8-gnu-toolchain/bin/../lib/gcc/avr/5.4.0/../../../../avr/lib/avr5\libc.a(vfprintf_std.o)
 .data          0x00000000        0x0 c:/program files (x86)/atmel/studio/7.0/toolchain/avr8/avr8-gnu-toolchain/bin/../lib/gcc/avr/5.4.0/../../../../avr/lib/avr5\libc.a(vfprintf_std.o)
 .bss           0x00000000        0x0 c:/program files (x86)/atmel/studio/7.0/toolchain/avr8/avr8-gnu-toolchain/bin/../lib/gcc/avr/5.4.0/../../../../avr/lib/avr5\libc.a(vfprintf_std.o)
 .text.avr-libc
                0x00000000      0x3c2 c:/program files (x86)/atmel/studio/7.0/toolchain/avr8/avr8-gnu-toolchain/bin/../lib/gcc/avr/5.4.0/../../../../avr/lib/avr5\libc.a(vfprintf_std.o)
 .comment       0x00000000       0x2d c:/program files (x86)/atmel/studio/7.0/toolchain/avr8/avr8-gnu-toolchain/bin/../lib/gcc/avr/5.4.0/../../../../avr/lib/avr5\libc.a(vfprintf_std.o)
 .text          0x00000000        0x0 c:/program files (x86)/atmel/studio/7.0/toolchain/avr8/avr8-gnu-toolchain/bin/../lib/gcc/avr/5.4.0/../../../../avr/lib/avr5\libc.a(strnlen_P.o)
 .data          0x00000000        0x0 c:/program files (x86)/atmel/studio/7.0/toolchain/avr8/avr8-gnu-toolchain/bin/../lib/gcc/avr/5.4.0/../../../../avr/lib/avr5\libc.a(strnlen_P.o)
 .bss           0x00000000        0x0 c:/program files (x86)/atmel/studio/7.0/toolchain/avr8/avr8-gnu-toolchain/bin/../lib/gcc/avr/5.4.0/../../../../avr/lib/avr5\libc.a(strnlen_P.o)
 .text.avr-libc
                0x00000000       0x16 c:/program files (x86)/atmel/studio/7.0/toolchain/avr8/avr8-gnu-toolchain/bin/../lib/gcc/avr/5.4.0/../../../../avr/lib/avr5\libc.a(strnlen_P.o)
 .text          0x00000000        0x0 c:/program files (x86)/atmel/studio/7.0/toolchain/avr8/avr8-gnu-toolchain/bin/../lib/gcc/avr/5.4.0/../../../../avr/lib/avr5\libc.a(strnlen.o)
 .data          0x00000000        0x0 c:/program files (x86)/atmel/studio/7.0/toolchain/avr8/avr8-gnu-toolchain/bin/../lib/gcc/avr/5.4.0/../../../../avr/lib/avr5\libc.a(strnlen.o)
 .bss           0x00000000        0x0 c:/program files (x86)/atmel/studio/7.0/toolchain/avr8/avr8-gnu-toolchain/bin/../lib/gcc/avr/5.4.0/../../../../avr/lib/avr5\libc.a(strnlen.o)
 .text.avr-libc
                0x00000000       0x16 c:/program files (x86)/atmel/studio/7.0/toolchain/avr8/avr8-gnu-toolchain/bin/../lib/gcc/avr/5.4.0/../../../../avr/lib/avr5\libc.a(strnlen.o)
 .text          0x00000000        0x0 c:/program files (x86)/atmel/studio/7.0/toolchain/avr8/avr8-gnu-toolchain/bin/../lib/gcc/avr/5.4.0/../../../../avr/lib/avr5\libc.a(fputc.o)
 .data          0x00000000        0x0 c:/program files (x86)/atmel/studio/7.0/toolchain/avr8/avr8-gnu-toolchain/bin/../lib/gcc/avr/5.4.0/../../../../avr/lib/avr5\libc.a(fputc.o)
 .bss           0x00000000        0x0 c:/program files (x86)/atmel/studio/7.0/toolchain/avr8/avr8-gnu-toolchain/bin/../lib/gcc/avr/5.4.0/../../../../avr/lib/avr5\libc.a(fputc.o)
 .text.avr-libc
                0x00000000       0x78 c:/program files (x86)/atmel/studio/7.0/toolchain/avr8/avr8-gnu-toolchain/bin/../lib/gcc/avr/5.4.0/../../../../avr/lib/avr5\libc.a(fputc.o)
 .comment       0x00000000       0x31 c:/program files (x86)/atmel/studio/7.0/toolchain/avr8/avr8-gnu-toolchain/bin/../lib/gcc/avr/5.4.0/../../../../avr/lib/avr5\libc.a(fputc.o)
 .text          0x00000000        0x0 c:/program files (x86)/atmel/studio/7.0/toolchain/avr8/avr8-gnu-toolchain/bin/../lib/gcc/avr/5.4.0/../../../../avr/lib/avr5\libc.a(ultoa_invert.o)
 .data          0x00000000        0x0 c:/program files (x86)/atmel/studio/7.0/toolchain/avr8/avr8-gnu-toolchain/bin/../lib/gcc/avr/5.4.0/../../../../avr/lib/avr5\libc.a(ultoa_invert.o)
 .bss           0x00000000        0x0 c:/program files (x86)/atmel/studio/7.0/toolchain/avr8/avr8-gnu-toolchain/bin/../lib/gcc/avr/5.4.0/../../../../avr/lib/avr5\libc.a(ultoa_invert.o)
 .text.avr-libc
                0x00000000       0xbc c:/program files (x86)/atmel/studio/7.0/toolchain/avr8/avr8-gnu-toolchain/bin/../lib/gcc/avr/5.4.0/../../../../avr/lib/avr5\libc.a(ultoa_invert.o)
 .text          0x00000000        0x0 c:/program files (x86)/atmel/studio/7.0/toolchain/avr8/avr8-gnu-toolchain/bin/../lib/gcc/avr/5.4.0/avr5\libgcc.a(_prologue.o)
 .data          0x00000000        0x0 c:/program files (x86)/atmel/studio/7.0/toolchain/avr8/avr8-gnu-toolchain/bin/../lib/gcc/avr/5.4.0/avr5\libgcc.a(_prologue.o)
 .bss           0x00000000        0x0 c:/program files (x86)/atmel/studio/7.0/toolchain/avr8/avr8-gnu-toolchain/bin/../lib/gcc/avr/5.4.0/avr5\libgcc.a(_prologue.o)
 .text.libgcc.mul
                0x00000000        0x0 c:/program files (x86)/atmel/studio/7.0/toolchain/avr8/avr8-gnu-toolchain/bin/../lib/gcc/avr/5.4.0/avr5\libgcc.a(_prologue.o)
 .text.libgcc.div
                0x00000000        0x0 c:/program files (x86)/atmel/studio/7.0/toolchain/avr8/avr8-gnu-toolchain/bin/../lib/gcc/avr/5.4.0/avr5\libgcc.a(_prologue.o)
 .text.libgcc   0x00000000        0x0 c:/program files (x86)/atmel/studio/7.0/toolchain/avr8/avr8-gnu-toolchain/bin/../lib/gcc/avr/5.4.0/avr5\libgcc.a(_prologue.o)
 .text.libgcc.prologue
                0x00000000       0x38 c:/program files (x86)/atmel/studio/7.0/toolchain/avr8/avr8-gnu-toolchain/bin/../lib/gcc/avr/5.4.0/avr5\libgcc.a(_prologue.o)
 .text.libgcc.builtins
                0x00000000        0x0 c:/program files (x86)/atmel/studio/7.0/toolchain/avr8/avr8-gnu-toolchain/bin/../lib/gcc/avr/5.4.0/avr5\libgcc.a(_prologue.o)
 .text.libgcc.fmul
                0x00000000        0x0 c:/program files (x86)/atmel/studio/7.0/toolchain/avr8/avr8-gnu-toolchain/bin/../lib/gcc/avr/5.4.0/avr5\libgcc.a(_prologue.o)
 .text.libgcc.fixed
                0x00000000        0x0 c:/program files (x86)/atmel/studio/7.0/toolchain/avr8/avr8-gnu-toolchain/bin/../lib/gcc/avr/5.4.0/avr5\libgcc.a(_prologue.o)
 .text          0x00000000        0x0 c:/program files (x86)/atmel/studio/7.0/toolchain/avr8/avr8-gnu-toolchain/bin/../lib/gcc/avr/5.4.0/avr5\libgcc.a(_epilogue.o)
 .data          0x00000000        0x0 c:/program files (x86)/atmel/studio/7.0/toolchain/avr8/avr8-gnu-toolchain/bin/../lib/gcc/avr/5.4.0/avr5\libgcc.a(_epilogue.o)
 .bss           0x00000000        0x0 c:/program files (x86)/atmel/studio/7.0/toolchain/avr8/avr8-gnu-toolchain/bin/../lib/gcc/avr/5.4.0/avr5\libgcc.a(_epilogue.o)
 .text.libgcc.mul
                0x00000000        0x0 c:/program files (x86)/atmel/studio/7.0/toolchain/avr8/avr8-gnu-toolchain/bin/../lib/gcc/avr/5.4.0/avr5\libgcc.a(_epilogue.o)
 .text.libgcc.div
                0x00000000        0x0 c:/program files (x86)/atmel/studio/7.0/toolchain/avr8/avr8-gnu-toolchain/bin/../lib/gcc/avr/5.4.0/avr5\libgcc.a(_epilogue.o)
 .text.libgcc   0x00000000        0x0 c:/program files (x86)/atmel/studio/7.0/toolchain/avr8/avr8-gnu-toolchain/bin/../lib/gcc/avr/5.4.0/avr5\libgcc.a(_epilogue.o)
 .text.libgcc.prologue
                0x00000000       0x36 c:/program files (x86)/atmel/studio/7.0/toolchain/avr8/avr8-gnu-toolchain/bin/../lib/gcc/avr/5.4.0/avr5\libgcc.a(_epilogue.o)
 .text.libgcc.builtins
                0x00000000        0x0 c:/program files (x86)/atmel/studio/7.0/toolchain/avr8/avr8-gnu-toolchain/bin/../lib/gcc/avr/5.4.0/avr5\libgcc.a(_epilogue.o)
 .text.libgcc.fmul
                0x00000000        0x0 c:/program files (x86)/atmel/studio/7.0/toolchain/avr8/avr8-gnu-toolchain/bin/../lib/gcc/avr/5.4.0/avr5\libgcc.a(_epilogue.o)
 .text.libgcc.fixed
                0x00000000        0x0 c:/program files (x86)/atmel/studio/7.0/toolchain/avr8/avr8-gnu-toolchain/bin/../lib/gcc/avr/5.4.0/avr5\libgcc.a(_epilogue.o)

Memory Configuration

Name             Origin             Length             Attributes
text             0x00000000         0x00008000         xr
data             0x00800060         0x00000800         rw !x
eeprom           0x00810000         0x00000400         rw !x
fuse             0x00820000         0x00000002         rw !x
lock             0x00830000         0x00000400         rw !x
signature        0x00840000         0x00000400         rw !x
user_signatures  0x00850000         0x00000400         rw !x
*default*        0x00000000         0xffffffff

Linker script and memory map

LOAD C:/Program Files (x86)/Atmel/Studio/7.0/Packs/atmel/ATmega_DFP/1.7.374/gcc/dev/atmega32a/avr5/crtatmega32a.o
LOAD ECU_Layer/ecu_keypad/ecu_keypad.o
LOAD ECU_Layer/ecu_lcd/ecu_lcd.o
LOAD ECU_Layer/ecu_led/ecu_led.o
LOAD ECU_Layer/push_btn/push_btn.o
LOAD main.o
LOAD MCAL_Layer/device_config/device_config.o
LOAD MCAL_Layer/hal_eeprom/hal_eeprom.o
LOAD MCAL_Layer/hal_gpio/hal_gpio.o
LOAD MCAL_Layer/hal_interrupt/hal_interrupt_config.o
LOAD MCAL_Layer/hal_interrupt/hal_interrupt_external.o
LOAD MCAL_Layer/hal_interrupt/hal_interrupt_manager.o
START GROUP
LOAD c:/program files (x86)/atmel/studio/7.0/toolchain/avr8/avr8-gnu-toolchain/bin/../lib/gcc/avr/5.4.0/../../../../avr/lib/avr5\libm.a
END GROUP
START GROUP
LOAD c:/program files (x86)/atmel/studio/7.0/toolchain/avr8/avr8-gnu-toolchain/bin/../lib/gcc/avr/5.4.0/avr5\libgcc.a
LOAD c:/program files (x86)/atmel/studio/7.0/toolchain/avr8/avr8-gnu-toolchain/bin/../lib/gcc/avr/5.4.0/../../../../avr/lib/avr5\libm.a
LOAD c:/program files (x86)/atmel/studio/7.0/toolchain/avr8/avr8-gnu-toolchain/bin/../lib/gcc/avr/5.4.0/../../../../avr/lib/avr5\libc.a
LOAD C:/Program Files (x86)/Atmel/Studio/7.0/Packs/atmel/ATmega_DFP/1.7.374/gcc/dev/atmega32a/avr5\libatmega32a.a
END GROUP
                [0x00000000]                __TEXT_REGION_ORIGIN__ = DEFINED (__TEXT_REGION_ORIGIN__)?__TEXT_REGION_ORIGIN__:0x0
                [0x00800060]                __DATA_REGION_ORIGIN__ = DEFINED (__DATA_REGION_ORIGIN__)?__DATA_REGION_ORIGIN__:0x800060
                [0x00008000]                __TEXT_REGION_LENGTH__ = DEFINED (__TEXT_REGION_LENGTH__)?__TEXT_REGION_LENGTH__:0x20000
                [0x00000800]                __DATA_REGION_LENGTH__ = DEFINED (__DATA_REGION_LENGTH__)?__DATA_REGION_LENGTH__:0xffa0
                [0x00000400]                __EEPROM_REGION_LENGTH__ = DEFINED (__EEPROM_REGION_LENGTH__)?__EEPROM_REGION_LENGTH__:0x10000
                [0x00000002]                __FUSE_REGION_LENGTH__ = DEFINED (__FUSE_REGION_LENGTH__)?__FUSE_REGION_LENGTH__:0x400
                0x00000400                __LOCK_REGION_LENGTH__ = DEFINED (__LOCK_REGION_LENGTH__)?__LOCK_REGION_LENGTH__:0x400
                0x00000400                __SIGNATURE_REGION_LENGTH__ = DEFINED (__SIGNATURE_REGION_LENGTH__)?__SIGNATURE_REGION_LENGTH__:0x400
                0x00000400                __USER_SIGNATURE_REGION_LENGTH__ = DEFINED (__USER_SIGNATURE_REGION_LENGTH__)?__USER_SIGNATURE_REGION_LENGTH__:0x400

.hash
 *(.hash)

.dynsym
 *(.dynsym)

.dynstr
 *(.dynstr)

.gnu.version
 *(.gnu.version)

.gnu.version_d
 *(.gnu.version_d)

.gnu.version_r
 *(.gnu.version_r)

.rel.init
 *(.rel.init)

.rela.init
 *(.rela.init)

.rel.text
 *(.rel.text)
 *(.rel.text.*)
 *(.rel.gnu.linkonce.t*)

.rela.text
 *(.rela.text)
 *(.rela.text.*)
 *(.rela.gnu.linkonce.t*)

.rel.fini
 *(.rel.fini)

.rela.fini
 *(.rela.fini)

.rel.rodata
 *(.rel.rodata)
 *(.rel.rodata.*)
 *(.rel.gnu.linkonce.r*)

.rela.rodata
 *(.rela.rodata)
 *(.rela.rodata.*)
 *(.rela.gnu.linkonce.r*)

.rel.data
 *(.rel.data)
 *(.rel.data.*)
 *(.rel.gnu.linkonce.d*)

.rela.data
 *(.rela.data)
 *(.rela.data.*)
 *(.rela.gnu.linkonce.d*)

.rel.ctors
 *(.rel.ctors)

.rela.ctors
 *(.rela.ctors)

.rel.dtors
 *(.rel.dtors)

.rela.dtors
 *(.rela.dtors)

.rel.got
 *(.rel.got)

.rela.got
 *(.rela.got)

.rel.bss
 *(.rel.bss)

.rela.bss
 *(.rela.bss)

.rel.plt
 *(.rel.plt)

.rela.plt
 *(.rela.plt)

.text           0x00000000      0x246
 *(.vectors)
 .vectors       0x00000000       0x54 C:/Program Files (x86)/Atmel/Studio/7.0/Packs/atmel/ATmega_DFP/1.7.374/gcc/dev/atmega32a/avr5/crtatmega32a.o
                0x00000000                __vector_default
                0x00000000                __vectors
 *(.vectors)
 *(.progmem.gcc*)
                0x00000054                . = ALIGN (0x2)
                0x00000054                __trampolines_start = .
 *(.trampolines)
 .trampolines   0x00000054        0x0 linker stubs
 *(.trampolines*)
                0x00000054                __trampolines_end = .
 *libprintf_flt.a:*(.progmem.data)
 *libc.a:*(.progmem.data)
 *(.progmem*)
                0x00000054                . = ALIGN (0x2)
 *(.jumptables)
 *(.jumptables*)
 *(.lowtext)
 *(.lowtext*)
                0x00000054                __ctors_start = .
 *(.ctors)
                0x00000054                __ctors_end = .
                0x00000054                __dtors_start = .
 *(.dtors)
                0x00000054                __dtors_end = .
 SORT(*)(.ctors)
 SORT(*)(.dtors)
 *(.init0)
 .init0         0x00000054        0x0 C:/Program Files (x86)/Atmel/Studio/7.0/Packs/atmel/ATmega_DFP/1.7.374/gcc/dev/atmega32a/avr5/crtatmega32a.o
                0x00000054                __init
 *(.init0)
 *(.init1)
 *(.init1)
 *(.init2)
 .init2         0x00000054        0xc C:/Program Files (x86)/Atmel/Studio/7.0/Packs/atmel/ATmega_DFP/1.7.374/gcc/dev/atmega32a/avr5/crtatmega32a.o
 *(.init2)
 *(.init3)
 *(.init3)
 *(.init4)
 .init4         0x00000060       0x16 c:/program files (x86)/atmel/studio/7.0/toolchain/avr8/avr8-gnu-toolchain/bin/../lib/gcc/avr/5.4.0/avr5\libgcc.a(_copy_data.o)
                0x00000060                __do_copy_data
 .init4         0x00000076       0x10 c:/program files (x86)/atmel/studio/7.0/toolchain/avr8/avr8-gnu-toolchain/bin/../lib/gcc/avr/5.4.0/avr5\libgcc.a(_clear_bss.o)
                0x00000076                __do_clear_bss
 *(.init4)
 *(.init5)
 *(.init5)
 *(.init6)
 *(.init6)
 *(.init7)
 *(.init7)
 *(.init8)
 *(.init8)
 *(.init9)
 .init9         0x00000086        0x8 C:/Program Files (x86)/Atmel/Studio/7.0/Packs/atmel/ATmega_DFP/1.7.374/gcc/dev/atmega32a/avr5/crtatmega32a.o
 *(.init9)
 *(.text)
 .text          0x0000008e        0x4 C:/Program Files (x86)/Atmel/Studio/7.0/Packs/atmel/ATmega_DFP/1.7.374/gcc/dev/atmega32a/avr5/crtatmega32a.o
                0x0000008e                __vector_12
                0x0000008e                __bad_interrupt
                0x0000008e                __vector_6
                0x0000008e                __vector_11
                0x0000008e                __vector_13
                0x0000008e                __vector_17
                0x0000008e                __vector_19
                0x0000008e                __vector_7
                0x0000008e                __vector_5
                0x0000008e                __vector_4
                0x0000008e                __vector_9
                0x0000008e                __vector_15
                0x0000008e                __vector_8
                0x0000008e                __vector_14
                0x0000008e                __vector_10
                0x0000008e                __vector_16
                0x0000008e                __vector_18
                0x0000008e                __vector_20
                0x00000092                . = ALIGN (0x2)
 *(.text.*)
 .text.main     0x00000092        0x2 main.o
                0x00000092                main
 .text.__vector_1
                0x00000094       0x9c MCAL_Layer/hal_interrupt/hal_interrupt_external.o
                0x00000094                __vector_1
 .text.__vector_2
                0x00000130       0x9c MCAL_Layer/hal_interrupt/hal_interrupt_external.o
                0x00000130                __vector_2
 .text.__vector_3
                0x000001cc       0x76 MCAL_Layer/hal_interrupt/hal_interrupt_external.o
                0x000001cc                __vector_3
                0x00000242                . = ALIGN (0x2)
 *(.fini9)
 .fini9         0x00000242        0x0 c:/program files (x86)/atmel/studio/7.0/toolchain/avr8/avr8-gnu-toolchain/bin/../lib/gcc/avr/5.4.0/avr5\libgcc.a(_exit.o)
                0x00000242                _exit
                0x00000242                exit
 *(.fini9)
 *(.fini8)
 *(.fini8)
 *(.fini7)
 *(.fini7)
 *(.fini6)
 *(.fini6)
 *(.fini5)
 *(.fini5)
 *(.fini4)
 *(.fini4)
 *(.fini3)
 *(.fini3)
 *(.fini2)
 *(.fini2)
 *(.fini1)
 *(.fini1)
 *(.fini0)
 .fini0         0x00000242        0x4 c:/program files (x86)/atmel/studio/7.0/toolchain/avr8/avr8-gnu-toolchain/bin/../lib/gcc/avr/5.4.0/avr5\libgcc.a(_exit.o)
 *(.fini0)
                0x00000246                _etext = .

.data           0x00800060        0x0 load address 0x00000246
                0x00800060                PROVIDE (__data_start, .)
 *(.data)
 *(.data*)
 *(.gnu.linkonce.d*)
 *(.rodata)
 *(.rodata*)
 *(.gnu.linkonce.r*)
                0x00800060                . = ALIGN (0x2)
                0x00800060                _edata = .
                0x00800060                PROVIDE (__data_end, .)

.bss            0x00800060        0xe
                0x00800060                PROVIDE (__bss_start, .)
 *(.bss)
 *(.bss*)
 .bss.EXT_InterruptHandler_INT1_Low
                0x00800060        0x2 MCAL_Layer/hal_interrupt/hal_interrupt_external.o
                0x00800060                EXT_InterruptHandler_INT1_Low
 .bss.EXT_InterruptHandler_INT0_Low
                0x00800062        0x2 MCAL_Layer/hal_interrupt/hal_interrupt_external.o
                0x00800062                EXT_InterruptHandler_INT0_Low
 .bss.EXT_InterruptHandler_INT1_High
                0x00800064        0x2 MCAL_Layer/hal_interrupt/hal_interrupt_external.o
                0x00800064                EXT_InterruptHandler_INT1_High
 .bss.EXT_InterruptHandler_INT0_High
                0x00800066        0x2 MCAL_Layer/hal_interrupt/hal_interrupt_external.o
                0x00800066                EXT_InterruptHandler_INT0_High
 .bss.EXT_InterruptHandler_INT2
                0x00800068        0x2 MCAL_Layer/hal_interrupt/hal_interrupt_external.o
                0x00800068                EXT_InterruptHandler_INT2
 .bss.EXT_InterruptHandler_INT1
                0x0080006a        0x2 MCAL_Layer/hal_interrupt/hal_interrupt_external.o
                0x0080006a                EXT_InterruptHandler_INT1
 .bss.EXT_InterruptHandler_INT0
                0x0080006c        0x2 MCAL_Layer/hal_interrupt/hal_interrupt_external.o
                0x0080006c                EXT_InterruptHandler_INT0
 *(COMMON)
                0x0080006e                PROVIDE (__bss_end, .)
                0x00000246                __data_load_start = LOADADDR (.data)
                0x00000246                __data_load_end = (__data_load_start + SIZEOF (.data))

.noinit         0x0080006e        0x0
                [!provide]                PROVIDE (__noinit_start, .)
 *(.noinit*)
                [!provide]                PROVIDE (__noinit_end, .)
                0x0080006e                _end = .
                0x0080006e                PROVIDE (__heap_start, .)

.eeprom         0x00810000        0x0
 *(.eeprom*)
                0x00810000                __eeprom_end = .

.fuse
 *(.fuse)
 *(.lfuse)
 *(.hfuse)
 *(.efuse)

.lock
 *(.lock*)

.signature
 *(.signature*)

.user_signatures
 *(.user_signatures*)

.stab
 *(.stab)

.stabstr
 *(.stabstr)

.stab.excl
 *(.stab.excl)

.stab.exclstr
 *(.stab.exclstr)

.stab.index
 *(.stab.index)

.stab.indexstr
 *(.stab.indexstr)

.comment        0x00000000       0x30
 *(.comment)
 .comment       0x00000000       0x30 main.o
                                 0x31 (size before relaxing)
 .comment       0x00000030       0x31 MCAL_Layer/hal_interrupt/hal_interrupt_external.o

.note.gnu.avr.deviceinfo
                0x00000000       0x3c
 .note.gnu.avr.deviceinfo
                0x00000000       0x3c C:/Program Files (x86)/Atmel/Studio/7.0/Packs/atmel/ATmega_DFP/1.7.374/gcc/dev/atmega32a/avr5/crtatmega32a.o

.note.gnu.build-id
 *(.note.gnu.build-id)

.debug
 *(.debug)

.line
 *(.line)

.debug_srcinfo
 *(.debug_srcinfo)

.debug_sfnames
 *(.debug_sfnames)

.debug_aranges  0x00000000       0xa0
 *(.debug_aranges)
 .debug_aranges
                0x00000000       0x20 main.o
 .debug_aranges
                0x00000020       0x80 MCAL_Layer/hal_interrupt/hal_interrupt_external.o

.debug_pubnames
 *(.debug_pubnames)

.debug_info     0x00000000      0xc66
 *(.debug_info .gnu.linkonce.wi.*)
 .debug_info    0x00000000      0x4e6 C:/Program Files (x86)/Atmel/Studio/7.0/Packs/atmel/ATmega_DFP/1.7.374/gcc/dev/atmega32a/avr5/crtatmega32a.o
 .debug_info    0x000004e6       0x7d main.o
 .debug_info    0x00000563      0x703 MCAL_Layer/hal_interrupt/hal_interrupt_external.o

.debug_abbrev   0x00000000      0x71e
 *(.debug_abbrev)
 .debug_abbrev  0x00000000      0x4a3 C:/Program Files (x86)/Atmel/Studio/7.0/Packs/atmel/ATmega_DFP/1.7.374/gcc/dev/atmega32a/avr5/crtatmega32a.o
 .debug_abbrev  0x000004a3       0x49 main.o
 .debug_abbrev  0x000004ec      0x232 MCAL_Layer/hal_interrupt/hal_interrupt_external.o

.debug_line     0x00000000      0x81e
 *(.debug_line .debug_line.* .debug_line_end)
 .debug_line    0x00000000      0x116 C:/Program Files (x86)/Atmel/Studio/7.0/Packs/atmel/ATmega_DFP/1.7.374/gcc/dev/atmega32a/avr5/crtatmega32a.o
 .debug_line    0x00000116       0x39 main.o
 .debug_line    0x0000014f      0x6cf MCAL_Layer/hal_interrupt/hal_interrupt_external.o

.debug_frame    0x00000000      0x204
 *(.debug_frame)
 .debug_frame   0x00000000       0x24 main.o
 .debug_frame   0x00000024      0x1e0 MCAL_Layer/hal_interrupt/hal_interrupt_external.o

.debug_str      0x00000000      0x6e9
 *(.debug_str)
 .debug_str     0x00000000      0x196 C:/Program Files (x86)/Atmel/Studio/7.0/Packs/atmel/ATmega_DFP/1.7.374/gcc/dev/atmega32a/avr5/crtatmega32a.o
 .debug_str     0x00000196      0x185 main.o
                                0x1b9 (size before relaxing)
 .debug_str     0x0000031b      0x3ce MCAL_Layer/hal_interrupt/hal_interrupt_external.o
                                0x590 (size before relaxing)

.debug_loc      0x00000000      0x964
 *(.debug_loc)
 .debug_loc     0x00000000      0x964 MCAL_Layer/hal_interrupt/hal_interrupt_external.o

.debug_macinfo
 *(.debug_macinfo)

.debug_weaknames
 *(.debug_weaknames)

.debug_funcnames
 *(.debug_funcnames)

.debug_typenames
 *(.debug_typenames)

.debug_varnames
 *(.debug_varnames)

.debug_pubtypes
 *(.debug_pubtypes)

.debug_ranges   0x00000000       0x80
 *(.debug_ranges)
 .debug_ranges  0x00000000       0x10 main.o
 .debug_ranges  0x00000010       0x70 MCAL_Layer/hal_interrupt/hal_interrupt_external.o

.debug_macro
 *(.debug_macro)
OUTPUT(Car_security_system_atmega32a.elf elf32-avr)
LOAD linker stubs
